package com.example

import kotlin.String

interface GetAnimal {
  interface Query {
    val randomAnimal: com.example.Animal?

    interface AnimalCatCondition1 : CatFragment1 {
      val species: String

      val name1: String
    }

    interface AnimalCatCondition2 : CatFragment2 {
      val species: String

      val name2: String
    }

    interface AnimalCatCondition1Condition2 : CatFragment1, CatFragment2 {
      val species: String

      val name1: String

      val name2: String
    }

    interface Animal {
      val species: String
    }
  }
}

interface CatFragment1 {
  interface Cat {
    val name1: String
  }
}

interface CatFragment2 {
  interface Cat {
    val name2: String
  }
}
