package com.example

import _.CatFragment1Fragment
import _.CatFragment2Fragment
import kotlin.String

interface GetAnimal {
  interface QueryData {
    val friend: _.AnimalFriend?

    interface AnimalFriend {
      val species: String

      val asCatFragment1Fragment: CatFragment1Fragment

      val asCatFragment2Fragment: CatFragment2Fragment
    }
  }
}
