package com.example

import kotlin.String

interface GetAnimal {
  interface QueryData {
    val random: _.AnyRandom?

    interface AnyRandom

    interface PetRandom {
      val name: String
    }

    interface CatRandom {
      val name1: String

      val habitat: _.HabitatHabitat

      interface HabitatHabitat {
        val description: String?
      }
    }
  }
}
