package com.example

import kotlin.String

interface GetAnimal {
  interface Query {
    val randomAnimal: com.example.Animal?

    interface AnimalCatPet : PetFragment {
      val name: String

      val name1: String
    }

    interface AnimalPet : PetFragment {
      val name: String
    }

    interface Animal : PetFragment
  }
}

interface PetFragment {
  interface CatPet {
    val name: String

    val name1: String
  }

  interface Pet {
    val name: String
  }
}
