package com.example

import kotlin.Float
import kotlin.String

interface GetAnimal {
  interface Query {
    val randomAnimal: Animal?

    interface AnimalCatCondition {
      val species: String

      val name: String

      val habitat: com.example.Habitat

      interface Habitat {
        val temperature: Float?
      }
    }

    interface AnimalCatCondition {
      val species: String
    }
  }
}

interface CatFragment {
  interface Cat {
    val name: String

    val habitat: com.example.Habitat

    interface Habitat {
      val temperature: Float?
    }
  }
}
