package com.example

import kotlin.Float
import kotlin.String

interface GetAnimal {
  interface Query {
    val randomAnimal: Animal?

    interface AnimalCat {
      val species: String

      val name: String

      val habitat: com.example.Habitat

      interface Habitat {
        val description: String?
      }
    }

    interface AnimalLion {
      val species: String

      val name: String

      val habitat: com.example.Habitat

      interface Habitat {
        val temperature: Float?
      }
    }
  }
}
